$ /Users/lailajohnston/opt/anaconda3/bin/python /Users/lailajohnston/Documents/Research Projects /FocusAlternatives/structure-of-alternatives/focus_alt_exp_pipeline/code/build_cross_dataset_canonical_observations.py --output-dir /Users/lailajohnston/Documents/Research Projects /FocusAlternatives/structure-of-alternatives/focus_alt_exp_pipeline/results/reproducibility/day1_absolute_threshold_v1/canonical

[complete] wrote /Users/lailajohnston/Documents/Research Projects /FocusAlternatives/structure-of-alternatives/focus_alt_exp_pipeline/results/reproducibility/day1_absolute_threshold_v1/canonical/novel_focus_observations.csv
  row_count=480
  dataset_family_count=1
  dataset_count=1
  condition_count=1
  group_count=16
  incomplete_provenance_rows=0
  x_but_not_y_rows=480
  exact_count_rows=480
  rate_only_rows=0
[complete] wrote /Users/lailajohnston/Documents/Research Projects /FocusAlternatives/structure-of-alternatives/focus_alt_exp_pipeline/results/reproducibility/day1_absolute_threshold_v1/canonical/hu_2023_observations.csv
  row_count=309
  dataset_family_count=1
  dataset_count=4
  condition_count=1
  group_count=223
  incomplete_provenance_rows=0
  x_but_not_y_rows=309
  exact_count_rows=60
  rate_only_rows=249
[complete] wrote /Users/lailajohnston/Documents/Research Projects /FocusAlternatives/structure-of-alternatives/focus_alt_exp_pipeline/results/reproducibility/day1_absolute_threshold_v1/canonical/ronai_xiang_2024_observations.csv
  row_count=300
  dataset_family_count=1
  dataset_count=1
  condition_count=5
  group_count=60
  incomplete_provenance_rows=0
  x_but_not_y_rows=0
  exact_count_rows=300
  rate_only_rows=0
[complete] wrote /Users/lailajohnston/Documents/Research Projects /FocusAlternatives/structure-of-alternatives/focus_alt_exp_pipeline/results/reproducibility/day1_absolute_threshold_v1/canonical/all_observations.csv
  row_count=1089
  dataset_family_count=3
  dataset_count=6
  condition_count=7
  group_count=299
  incomplete_provenance_rows=0
  x_but_not_y_rows=789
  exact_count_rows=840
  rate_only_rows=249
[note] Hu g18, pvt21, and vt16 rows are correlation-ready but rate-only; response-level binomial log likelihood is unavailable without source counts.
[complete] Hu original string-analysis inclusion is frozen at 57/50/67/39 scales for rx22/pvt21/g18/vt16.
/Users/runner/work/crossbow/crossbow/arrow/cpp/src/arrow/util/cpu_info.cc:239: IOError: sysctlbyname failed for 'hw.l1dcachesize'. Detail: [errno 1] Operation not permitted
/Users/runner/work/crossbow/crossbow/arrow/cpp/src/arrow/util/cpu_info.cc:239: IOError: sysctlbyname failed for 'hw.l2cachesize'. Detail: [errno 1] Operation not permitted
/Users/runner/work/crossbow/crossbow/arrow/cpp/src/arrow/util/cpu_info.cc:239: IOError: sysctlbyname failed for 'hw.l3cachesize'. Detail: [errno 1] Operation not permitted
/Users/runner/work/crossbow/crossbow/arrow/cpp/src/arrow/util/cpu_info.cc:239: IOError: sysctlbyname failed for 'hw.optional.sse4_2'. Detail: [errno 1] Operation not permitted
/Users/runner/work/crossbow/crossbow/arrow/cpp/src/arrow/util/cpu_info.cc:239: IOError: sysctlbyname failed for 'hw.optional.avx1_0'. Detail: [errno 1] Operation not permitted
/Users/runner/work/crossbow/crossbow/arrow/cpp/src/arrow/util/cpu_info.cc:239: IOError: sysctlbyname failed for 'hw.optional.avx2_0'. Detail: [errno 1] Operation not permitted
/Users/runner/work/crossbow/crossbow/arrow/cpp/src/arrow/util/cpu_info.cc:239: IOError: sysctlbyname failed for 'hw.optional.bmi1'. Detail: [errno 1] Operation not permitted
/Users/runner/work/crossbow/crossbow/arrow/cpp/src/arrow/util/cpu_info.cc:239: IOError: sysctlbyname failed for 'hw.optional.bmi2'. Detail: [errno 1] Operation not permitted
/Users/runner/work/crossbow/crossbow/arrow/cpp/src/arrow/util/cpu_info.cc:239: IOError: sysctlbyname failed for 'hw.optional.avx512f'. Detail: [errno 1] Operation not permitted
/Users/runner/work/crossbow/crossbow/arrow/cpp/src/arrow/util/cpu_info.cc:239: IOError: sysctlbyname failed for 'hw.optional.avx512cd'. Detail: [errno 1] Operation not permitted
/Users/runner/work/crossbow/crossbow/arrow/cpp/src/arrow/util/cpu_info.cc:239: IOError: sysctlbyname failed for 'hw.optional.avx512dq'. Detail: [errno 1] Operation not permitted
/Users/runner/work/crossbow/crossbow/arrow/cpp/src/arrow/util/cpu_info.cc:239: IOError: sysctlbyname failed for 'hw.optional.avx512bw'. Detail: [errno 1] Operation not permitted
/Users/runner/work/crossbow/crossbow/arrow/cpp/src/arrow/util/cpu_info.cc:239: IOError: sysctlbyname failed for 'hw.optional.avx512vl'. Detail: [errno 1] Operation not permitted

$ /Users/lailajohnston/opt/anaconda3/bin/python /Users/lailajohnston/Documents/Research Projects /FocusAlternatives/structure-of-alternatives/focus_alt_exp_pipeline/code/build_big_results_table.py --input /Users/lailajohnston/Documents/Research Projects /FocusAlternatives/structure-of-alternatives/focus_alt_exp_pipeline/results/reproducibility/day1_absolute_threshold_v1/canonical/all_observations.csv --output-dir /Users/lailajohnston/Documents/Research Projects /FocusAlternatives/structure-of-alternatives/focus_alt_exp_pipeline/results/reproducibility/day1_absolute_threshold_v1/big_table --fold-count 10

[complete] wrote /Users/lailajohnston/Documents/Research Projects /FocusAlternatives/structure-of-alternatives/focus_alt_exp_pipeline/results/reproducibility/day1_absolute_threshold_v1/big_table/analysis_units.csv rows=993
[complete] wrote /Users/lailajohnston/Documents/Research Projects /FocusAlternatives/structure-of-alternatives/focus_alt_exp_pipeline/results/reproducibility/day1_absolute_threshold_v1/big_table/oof_predictions.csv rows=993
[complete] wrote /Users/lailajohnston/Documents/Research Projects /FocusAlternatives/structure-of-alternatives/focus_alt_exp_pipeline/results/reproducibility/day1_absolute_threshold_v1/big_table/fold_parameters.csv rows=10
[complete] wrote /Users/lailajohnston/Documents/Research Projects /FocusAlternatives/structure-of-alternatives/focus_alt_exp_pipeline/results/reproducibility/day1_absolute_threshold_v1/big_table/big_table_correlations.csv rows=10
[complete] wrote /Users/lailajohnston/Documents/Research Projects /FocusAlternatives/structure-of-alternatives/focus_alt_exp_pipeline/results/reproducibility/day1_absolute_threshold_v1/big_table/big_table_log_scores.csv rows=50
[complete] wrote /Users/lailajohnston/Documents/Research Projects /FocusAlternatives/structure-of-alternatives/focus_alt_exp_pipeline/results/reproducibility/day1_absolute_threshold_v1/big_table/big_table_metrics.csv rows=10
[fit] threshold mean/min/max=-2.253308/-2.527809/-1.928465
[fit] scale mean/min/max=11.692472/11.244003/12.406132
[warning] These are development results. Freeze the CV and calibration rule with the authors before copying values into the paper.
/Users/runner/work/crossbow/crossbow/arrow/cpp/src/arrow/util/cpu_info.cc:239: IOError: sysctlbyname failed for 'hw.l1dcachesize'. Detail: [errno 1] Operation not permitted
/Users/runner/work/crossbow/crossbow/arrow/cpp/src/arrow/util/cpu_info.cc:239: IOError: sysctlbyname failed for 'hw.l2cachesize'. Detail: [errno 1] Operation not permitted
/Users/runner/work/crossbow/crossbow/arrow/cpp/src/arrow/util/cpu_info.cc:239: IOError: sysctlbyname failed for 'hw.l3cachesize'. Detail: [errno 1] Operation not permitted
/Users/runner/work/crossbow/crossbow/arrow/cpp/src/arrow/util/cpu_info.cc:239: IOError: sysctlbyname failed for 'hw.optional.sse4_2'. Detail: [errno 1] Operation not permitted
/Users/runner/work/crossbow/crossbow/arrow/cpp/src/arrow/util/cpu_info.cc:239: IOError: sysctlbyname failed for 'hw.optional.avx1_0'. Detail: [errno 1] Operation not permitted
/Users/runner/work/crossbow/crossbow/arrow/cpp/src/arrow/util/cpu_info.cc:239: IOError: sysctlbyname failed for 'hw.optional.avx2_0'. Detail: [errno 1] Operation not permitted
/Users/runner/work/crossbow/crossbow/arrow/cpp/src/arrow/util/cpu_info.cc:239: IOError: sysctlbyname failed for 'hw.optional.bmi1'. Detail: [errno 1] Operation not permitted
/Users/runner/work/crossbow/crossbow/arrow/cpp/src/arrow/util/cpu_info.cc:239: IOError: sysctlbyname failed for 'hw.optional.bmi2'. Detail: [errno 1] Operation not permitted
/Users/runner/work/crossbow/crossbow/arrow/cpp/src/arrow/util/cpu_info.cc:239: IOError: sysctlbyname failed for 'hw.optional.avx512f'. Detail: [errno 1] Operation not permitted
/Users/runner/work/crossbow/crossbow/arrow/cpp/src/arrow/util/cpu_info.cc:239: IOError: sysctlbyname failed for 'hw.optional.avx512cd'. Detail: [errno 1] Operation not permitted
/Users/runner/work/crossbow/crossbow/arrow/cpp/src/arrow/util/cpu_info.cc:239: IOError: sysctlbyname failed for 'hw.optional.avx512dq'. Detail: [errno 1] Operation not permitted
/Users/runner/work/crossbow/crossbow/arrow/cpp/src/arrow/util/cpu_info.cc:239: IOError: sysctlbyname failed for 'hw.optional.avx512bw'. Detail: [errno 1] Operation not permitted
/Users/runner/work/crossbow/crossbow/arrow/cpp/src/arrow/util/cpu_info.cc:239: IOError: sysctlbyname failed for 'hw.optional.avx512vl'. Detail: [errno 1] Operation not permitted
